

================================================================
== Vivado HLS Report for 'SHA1ProcessMessageBlock_Swapping'
================================================================
* Date:           Tue Sep 13 17:20:30 2016

* Version:        2016.1 (Build 1538259 on Fri Apr 08 16:12:49 MDT 2016)
* Project:        sha1_hls
* Solution:       base
* Product family: zynq
* Target device:  xc7z020clg484-1


================================================================
== Performance Estimates
================================================================
+ Timing (ns): 
    * Summary: 
    +--------+-------+----------+------------+
    |  Clock | Target| Estimated| Uncertainty|
    +--------+-------+----------+------------+
    |ap_clk  |  10.00|      6.84|        1.25|
    +--------+-------+----------+------------+

+ Latency (clock cycles): 
    * Summary: 
    +-----+-----+-----+-----+---------+
    |  Latency  |  Interval | Pipeline|
    | min | max | min | max |   Type  |
    +-----+-----+-----+-----+---------+
    |    0|    0|    0|    0|   none  |
    +-----+-----+-----+-----+---------+

    + Detail: 
        * Instance: 
        +----------------------------------------------------------------+-------------------------------------------+-----+-----+-----+-----+---------+
        |                                                                |                                           |  Latency  |  Interval | Pipeline|
        |                            Instance                            |                   Module                  | min | max | min | max |   Type  |
        +----------------------------------------------------------------+-------------------------------------------+-----+-----+-----+-----+---------+
        |C_write_assign_SHA1ProcessMessageBlock_SHA1CircularShift_fu_48  |SHA1ProcessMessageBlock_SHA1CircularShift  |    0|    0|    0|    0|   none  |
        +----------------------------------------------------------------+-------------------------------------------+-----+-----+-----+-----+---------+

        * Loop: 
        N/A



================================================================
== Utilization Estimates
================================================================
* Summary: 
+-----------------+---------+-------+--------+-------+
|       Name      | BRAM_18K| DSP48E|   FF   |  LUT  |
+-----------------+---------+-------+--------+-------+
|DSP              |        -|      -|       -|      -|
|Expression       |        -|      -|       -|      -|
|FIFO             |        -|      -|       -|      -|
|Instance         |        -|      -|       0|    227|
|Memory           |        -|      -|       -|      -|
|Multiplexer      |        -|      -|       -|      -|
|Register         |        -|      -|       -|      -|
+-----------------+---------+-------+--------+-------+
|Total            |        0|      0|       0|    227|
+-----------------+---------+-------+--------+-------+
|Available        |      280|    220|  106400|  53200|
+-----------------+---------+-------+--------+-------+
|Utilization (%)  |        0|      0|       0|   ~0  |
+-----------------+---------+-------+--------+-------+

+ Detail: 
    * Instance: 
    +----------------------------------------------------------------+-------------------------------------------+---------+-------+---+-----+
    |                            Instance                            |                   Module                  | BRAM_18K| DSP48E| FF| LUT |
    +----------------------------------------------------------------+-------------------------------------------+---------+-------+---+-----+
    |C_write_assign_SHA1ProcessMessageBlock_SHA1CircularShift_fu_48  |SHA1ProcessMessageBlock_SHA1CircularShift  |        0|      0|  0|  227|
    +----------------------------------------------------------------+-------------------------------------------+---------+-------+---+-----+
    |Total                                                           |                                           |        0|      0|  0|  227|
    +----------------------------------------------------------------+-------------------------------------------+---------+-------+---+-----+

    * DSP48: 
    N/A

    * Memory: 
    N/A

    * FIFO: 
    N/A

    * Expression: 
    N/A

    * Multiplexer: 
    N/A

    * Register: 
    N/A



================================================================
== Interface
================================================================
* Summary: 
+-------------+-----+-----+------------+----------------------------------+--------------+
|  RTL Ports  | Dir | Bits|  Protocol  |           Source Object          |    C Type    |
+-------------+-----+-----+------------+----------------------------------+--------------+
|B            |  in |   32|   ap_none  |                 B                |    scalar    |
|B_r          |  in |   32|   ap_none  |                B_r               |    scalar    |
|D            |  in |   32|   ap_none  |                 D                |    scalar    |
|E            |  in |   32|   ap_none  |                 E                |    scalar    |
|A            |  in |   32|   ap_none  |                 A                |    scalar    |
|ap_return_0  | out |   32| ap_ctrl_hs | SHA1ProcessMessageBlock_Swapping | return value |
|ap_return_1  | out |   32| ap_ctrl_hs | SHA1ProcessMessageBlock_Swapping | return value |
|ap_return_2  | out |   32| ap_ctrl_hs | SHA1ProcessMessageBlock_Swapping | return value |
|ap_return_3  | out |   32| ap_ctrl_hs | SHA1ProcessMessageBlock_Swapping | return value |
|ap_return_4  | out |   32| ap_ctrl_hs | SHA1ProcessMessageBlock_Swapping | return value |
+-------------+-----+-----+------------+----------------------------------+--------------+

