

================================================================
== Vivado HLS Report for 'SHA1ProcessMessageBlock'
================================================================
* Date:           Fri Aug 26 17:27:39 2016

* Version:        2016.1 (Build 1538259 on Fri Apr 08 16:12:49 MDT 2016)
* Project:        sha1
* Solution:       solution4
* Product family: zynq
* Target device:  xc7z020clg484-1


================================================================
== Performance Estimates
================================================================
+ Timing (ns): 
    * Summary: 
    +--------+-------+----------+------------+
    |  Clock | Target| Estimated| Uncertainty|
    +--------+-------+----------+------------+
    |ap_clk  |  10.00|      7.97|        1.25|
    +--------+-------+----------+------------+

+ Latency (clock cycles): 
    * Summary: 
    +-----+-----+-----+-----+----------+
    |  Latency  |  Interval | Pipeline |
    | min | max | min | max |   Type   |
    +-----+-----+-----+-----+----------+
    |  390|  390|  391|  391| dataflow |
    +-----+-----+-----+-----+----------+

    + Detail: 
        * Instance: 
        +---------------------------------------------------------+-----------------------------------------------+-----+-----+-----+-----+---------+
        |                                                         |                                               |  Latency  |  Interval | Pipeline|
        |                         Instance                        |                     Module                    | min | max | min | max |   Type  |
        +---------------------------------------------------------+-----------------------------------------------+-----+-----+-----+-----+---------+
        |grp_SHA1ProcessMessageBlock_Block_codeRepl62_proc_fu_16  |SHA1ProcessMessageBlock_Block_codeRepl62_proc  |  390|  390|  390|  390|   none  |
        +---------------------------------------------------------+-----------------------------------------------+-----+-----+-----+-----+---------+

        * Loop: 
        N/A



================================================================
== Utilization Estimates
================================================================
* Summary: 
+-----------------+---------+-------+--------+-------+
|       Name      | BRAM_18K| DSP48E|   FF   |  LUT  |
+-----------------+---------+-------+--------+-------+
|DSP              |        -|      -|       -|      -|
|Expression       |        -|      -|       -|      -|
|FIFO             |        -|      -|       -|      -|
|Instance         |        2|      -|    1760|  20702|
|Memory           |        -|      -|       -|      -|
|Multiplexer      |        -|      -|       -|      -|
|Register         |        -|      -|       -|      -|
+-----------------+---------+-------+--------+-------+
|Total            |        2|      0|    1760|  20702|
+-----------------+---------+-------+--------+-------+
|Available        |      280|    220|  106400|  53200|
+-----------------+---------+-------+--------+-------+
|Utilization (%)  |    ~0   |      0|       1|     38|
+-----------------+---------+-------+--------+-------+

+ Detail: 
    * Instance: 
    +--------------------------------------------------+-----------------------------------------------+---------+-------+------+-------+
    |                     Instance                     |                     Module                    | BRAM_18K| DSP48E|  FF  |  LUT  |
    +--------------------------------------------------+-----------------------------------------------+---------+-------+------+-------+
    |SHA1ProcessMessageBlock_Block_codeRepl62_proc_U0  |SHA1ProcessMessageBlock_Block_codeRepl62_proc  |        2|      0|  1760|  20702|
    +--------------------------------------------------+-----------------------------------------------+---------+-------+------+-------+
    |Total                                             |                                               |        2|      0|  1760|  20702|
    +--------------------------------------------------+-----------------------------------------------+---------+-------+------+-------+

    * DSP48: 
    N/A

    * Memory: 
    N/A

    * FIFO: 
    N/A

    * Expression: 
    N/A

    * Multiplexer: 
    N/A

    * Register: 
    N/A



================================================================
== Interface
================================================================
* Summary: 
+------------------+-----+-----+------------+-------------------------+--------------+
|     RTL Ports    | Dir | Bits|  Protocol  |      Source Object      |    C Type    |
+------------------+-----+-----+------------+-------------------------+--------------+
|context_i         |  in |  688|   ap_ovld  |         context         |    pointer   |
|context_o         | out |  688|   ap_ovld  |         context         |    pointer   |
|context_o_ap_vld  | out |    1|   ap_ovld  |         context         |    pointer   |
|ap_clk            |  in |    1| ap_ctrl_hs | SHA1ProcessMessageBlock | return value |
|ap_rst            |  in |    1| ap_ctrl_hs | SHA1ProcessMessageBlock | return value |
|ap_start          |  in |    1| ap_ctrl_hs | SHA1ProcessMessageBlock | return value |
|ap_ready          | out |    1| ap_ctrl_hs | SHA1ProcessMessageBlock | return value |
|ap_done           | out |    1| ap_ctrl_hs | SHA1ProcessMessageBlock | return value |
|ap_idle           | out |    1| ap_ctrl_hs | SHA1ProcessMessageBlock | return value |
+------------------+-----+-----+------------+-------------------------+--------------+

