

================================================================
== Vivado HLS Report for 'SHA1ProcessMessageBlock_Block_codeRepl62_proc'
================================================================
* Date:           Fri Aug 26 17:27:38 2016

* Version:        2016.1 (Build 1538259 on Fri Apr 08 16:12:49 MDT 2016)
* Project:        sha1
* Solution:       solution4
* Product family: zynq
* Target device:  xc7z020clg484-1


================================================================
== Performance Estimates
================================================================
+ Timing (ns): 
    * Summary: 
    +--------+-------+----------+------------+
    |  Clock | Target| Estimated| Uncertainty|
    +--------+-------+----------+------------+
    |ap_clk  |  10.00|      7.97|        1.25|
    +--------+-------+----------+------------+

+ Latency (clock cycles): 
    * Summary: 
    +-----+-----+-----+-----+---------+
    |  Latency  |  Interval | Pipeline|
    | min | max | min | max |   Type  |
    +-----+-----+-----+-----+---------+
    |  390|  390|  390|  390|   none  |
    +-----+-----+-----+-----+---------+

    + Detail: 
        * Instance: 
        N/A

        * Loop: 
        +----------+-----+-----+----------+-----------+-----------+------+----------+
        |          |  Latency  | Iteration|  Initiation Interval  | Trip |          |
        | Loop Name| min | max |  Latency |  achieved |   target  | Count| Pipelined|
        +----------+-----+-----+----------+-----------+-----------+------+----------+
        |- loop1   |   32|   32|         2|          -|          -|    16|    no    |
        |- loop2   |  192|  192|         3|          -|          -|    64|    no    |
        |- loop3   |   40|   40|         2|          -|          -|    20|    no    |
        |- loop4   |   40|   40|         2|          -|          -|    20|    no    |
        |- loop5   |   40|   40|         2|          -|          -|    20|    no    |
        |- loop6   |   40|   40|         2|          -|          -|    20|    no    |
        +----------+-----+-----+----------+-----------+-----------+------+----------+



================================================================
== Utilization Estimates
================================================================
* Summary: 
+-----------------+---------+-------+--------+-------+
|       Name      | BRAM_18K| DSP48E|   FF   |  LUT  |
+-----------------+---------+-------+--------+-------+
|DSP              |        -|      -|       -|      -|
|Expression       |        -|      -|       0|  20006|
|FIFO             |        -|      -|       -|      -|
|Instance         |        -|      -|       -|      -|
|Memory           |        2|      -|       0|      0|
|Multiplexer      |        -|      -|       -|    696|
|Register         |        -|      -|    1760|      -|
+-----------------+---------+-------+--------+-------+
|Total            |        2|      0|    1760|  20702|
+-----------------+---------+-------+--------+-------+
|Available        |      280|    220|  106400|  53200|
+-----------------+---------+-------+--------+-------+
|Utilization (%)  |    ~0   |      0|       1|     38|
+-----------------+---------+-------+--------+-------+

+ Detail: 
    * Instance: 
    N/A

    * DSP48: 
    N/A

    * Memory: 
    +-------+-------------------------------------------------+---------+---+----+------+-----+------+-------------+
    | Memory|                      Module                     | BRAM_18K| FF| LUT| Words| Bits| Banks| W*Bits*Banks|
    +-------+-------------------------------------------------+---------+---+----+------+-----+------+-------------+
    |W_U    |SHA1ProcessMessageBlock_Block_codeRepl62_proc_W  |        2|  0|   0|    80|   32|     1|         2560|
    +-------+-------------------------------------------------+---------+---+----+------+-----+------+-------------+
    |Total  |                                                 |        2|  0|   0|    80|   32|     1|         2560|
    +-------+-------------------------------------------------+---------+---+----+------+-----+------+-------------+

    * FIFO: 
    N/A

    * Expression: 
    +-------------------------+----------+-------+---+------+------------+------------+
    |      Variable Name      | Operation| DSP48E| FF|  LUT | Bitwidth P0| Bitwidth P1|
    +-------------------------+----------+-------+---+------+------------+------------+
    |t_10_fu_1591_p2          |     +    |      0|  0|     7|           1|           7|
    |t_6_fu_1191_p2           |     +    |      0|  0|     7|           1|           7|
    |t_7_fu_1203_p2           |     +    |      0|  0|     5|           5|           1|
    |t_8_fu_1317_p2           |     +    |      0|  0|     6|           1|           6|
    |t_9_fu_1414_p2           |     +    |      0|  0|     6|           1|           6|
    |t_fu_541_p2              |     +    |      0|  0|     5|           5|           1|
    |temp_1_fu_1375_p2        |     +    |      0|  0|    16|          32|          32|
    |temp_2_fu_1484_p2        |     +    |      0|  0|    16|          32|          32|
    |temp_3_fu_1655_p2        |     +    |      0|  0|    16|          32|          32|
    |temp_fu_1278_p2          |     +    |      0|  0|    16|          32|          32|
    |tmp10_fu_1472_p2         |     +    |      0|  0|    16|          32|          32|
    |tmp11_fu_1478_p2         |     +    |      0|  0|    16|          32|          32|
    |tmp13_fu_1650_p2         |     +    |      0|  0|    16|          32|          32|
    |tmp14_fu_1557_p2         |     +    |      0|  0|    16|          31|          32|
    |tmp15_fu_1563_p2         |     +    |      0|  0|    16|          32|          32|
    |tmp3_fu_1260_p2          |     +    |      0|  0|    16|          32|          32|
    |tmp4_fu_1272_p2          |     +    |      0|  0|    16|          32|          32|
    |tmp5_fu_1266_p2          |     +    |      0|  0|    16|          31|          32|
    |tmp7_fu_1357_p2          |     +    |      0|  0|    16|          32|          32|
    |tmp8_fu_1369_p2          |     +    |      0|  0|    16|          32|          32|
    |tmp9_fu_1363_p2          |     +    |      0|  0|    16|          31|          32|
    |tmp_18_fu_1077_p2        |     +    |      0|  0|     7|           5|           7|
    |tmp_20_fu_1127_p2        |     +    |      0|  0|     7|           5|           7|
    |tmp_22_fu_1138_p2        |     +    |      0|  0|     7|           6|           7|
    |tmp_56_fu_1597_p2        |     +    |      0|  0|    32|          32|          32|
    |tmp_57_fu_1602_p2        |     +    |      0|  0|    32|          32|          32|
    |tmp_58_fu_1607_p2        |     +    |      0|  0|    32|          32|          32|
    |tmp_59_fu_1612_p2        |     +    |      0|  0|    32|          32|          32|
    |tmp_60_fu_1617_p2        |     +    |      0|  0|    32|          32|          32|
    |tmp_fu_1466_p2           |     +    |      0|  0|    16|          32|          32|
    |tmp_s_fu_1066_p2         |     +    |      0|  0|     7|           3|           7|
    |tmp_100_fu_889_p2        |     -    |      0|  0|    10|           9|          10|
    |tmp_111_fu_968_p2        |     -    |      0|  0|    10|          10|          10|
    |tmp_113_fu_980_p2        |     -    |      0|  0|    10|          10|          10|
    |tmp_117_fu_1010_p2       |     -    |      0|  0|    10|           9|          10|
    |tmp_26_fu_605_p2         |     -    |      0|  0|    10|          10|          10|
    |tmp_37_fu_617_p2         |     -    |      0|  0|    10|          10|          10|
    |tmp_54_fu_647_p2         |     -    |      0|  0|    10|           9|          10|
    |tmp_77_fu_726_p2         |     -    |      0|  0|    10|          10|          10|
    |tmp_79_fu_738_p2         |     -    |      0|  0|    10|          10|          10|
    |tmp_83_fu_768_p2         |     -    |      0|  0|    10|           9|          10|
    |tmp_94_fu_847_p2         |     -    |      0|  0|    10|          10|          10|
    |tmp_96_fu_859_p2         |     -    |      0|  0|    10|          10|          10|
    |tmp_105_fu_915_p2        |    and   |      0|  0|   794|         512|         512|
    |tmp_122_fu_1036_p2       |    and   |      0|  0|   794|         512|         512|
    |tmp_32_fu_1236_p2        |    and   |      0|  0|    44|          32|          32|
    |tmp_34_fu_1248_p2        |    and   |      0|  0|    44|          32|          32|
    |tmp_50_fu_1448_p2        |    and   |      0|  0|    44|          32|          32|
    |tmp_51_fu_1454_p2        |    and   |      0|  0|    44|          32|          32|
    |tmp_71_fu_673_p2         |    and   |      0|  0|   794|         512|         512|
    |tmp_88_fu_794_p2         |    and   |      0|  0|   794|         512|         512|
    |exitcond1_fu_1403_p2     |   icmp   |      0|  0|     3|           6|           4|
    |exitcond2_fu_1306_p2     |   icmp   |      0|  0|     3|           6|           6|
    |exitcond3_fu_1197_p2     |   icmp   |      0|  0|     2|           5|           5|
    |exitcond4_fu_1060_p2     |   icmp   |      0|  0|     3|           7|           7|
    |exitcond5_i_i_fu_535_p2  |   icmp   |      0|  0|     3|           5|           6|
    |exitcond_fu_1512_p2      |   icmp   |      0|  0|     3|           7|           7|
    |tmp_107_fu_945_p2        |   icmp   |      0|  0|     3|           9|           9|
    |tmp_6_fu_582_p2          |   icmp   |      0|  0|     3|           9|           9|
    |tmp_73_fu_703_p2         |   icmp   |      0|  0|     3|           9|           9|
    |tmp_90_fu_824_p2         |   icmp   |      0|  0|     3|           9|           9|
    |tmp_103_fu_903_p2        |   lshr   |      0|  0|  1663|         512|         512|
    |tmp_104_fu_909_p2        |   lshr   |      0|  0|  1663|           2|         512|
    |tmp_120_fu_1024_p2       |   lshr   |      0|  0|  1663|         512|         512|
    |tmp_121_fu_1030_p2       |   lshr   |      0|  0|  1663|           2|         512|
    |tmp_69_fu_661_p2         |   lshr   |      0|  0|  1663|         512|         512|
    |tmp_70_fu_667_p2         |   lshr   |      0|  0|  1663|           2|         512|
    |tmp_86_fu_782_p2         |   lshr   |      0|  0|  1663|         512|         512|
    |tmp_87_fu_788_p2         |   lshr   |      0|  0|  1663|           2|         512|
    |ap_sig_47                |    or    |      0|  0|     1|           1|           1|
    |tmp_11_fu_818_p2         |    or    |      0|  0|    10|           9|           3|
    |tmp_13_fu_925_p2         |    or    |      0|  0|     8|           6|           2|
    |tmp_15_fu_939_p2         |    or    |      0|  0|    10|           9|           3|
    |tmp_1_fu_697_p2          |    or    |      0|  0|    10|           9|           3|
    |tmp_35_fu_1254_p2        |    or    |      0|  0|    44|          32|          32|
    |tmp_49_fu_1442_p2        |    or    |      0|  0|    44|          32|          32|
    |tmp_52_fu_1460_p2        |    or    |      0|  0|    44|          32|          32|
    |tmp_5_fu_576_p2          |    or    |      0|  0|    10|           9|           3|
    |tmp_7_fu_683_p2          |    or    |      0|  0|     8|           6|           1|
    |tmp_8_fu_804_p2          |    or    |      0|  0|     8|           6|           2|
    |tmp_114_fu_986_p3        |  select  |      0|  0|    10|           1|          10|
    |tmp_115_fu_994_p3        |  select  |      0|  0|   512|           1|         512|
    |tmp_116_fu_1002_p3       |  select  |      0|  0|    10|           1|          10|
    |tmp_39_fu_623_p3         |  select  |      0|  0|    10|           1|          10|
    |tmp_44_fu_631_p3         |  select  |      0|  0|   512|           1|         512|
    |tmp_46_fu_639_p3         |  select  |      0|  0|    10|           1|          10|
    |tmp_80_fu_744_p3         |  select  |      0|  0|    10|           1|          10|
    |tmp_81_fu_752_p3         |  select  |      0|  0|   512|           1|         512|
    |tmp_82_fu_760_p3         |  select  |      0|  0|    10|           1|          10|
    |tmp_97_fu_865_p3         |  select  |      0|  0|    10|           1|          10|
    |tmp_98_fu_873_p3         |  select  |      0|  0|   512|           1|         512|
    |tmp_99_fu_881_p3         |  select  |      0|  0|    10|           1|          10|
    |tmp12_fu_1540_p2         |    xor   |      0|  0|    44|          32|          32|
    |tmp1_fu_1149_p2          |    xor   |      0|  0|    44|          32|          32|
    |tmp2_fu_1154_p2          |    xor   |      0|  0|    44|          32|          32|
    |tmp6_fu_1345_p2          |    xor   |      0|  0|    44|          32|          32|
    |tmp_112_fu_974_p2        |    xor   |      0|  0|    11|          10|           9|
    |tmp_24_fu_1159_p2        |    xor   |      0|  0|    44|          32|          32|
    |tmp_29_fu_611_p2         |    xor   |      0|  0|    11|          10|           9|
    |tmp_33_fu_1242_p2        |    xor   |      0|  0|    44|          32|           2|
    |tmp_42_fu_1351_p2        |    xor   |      0|  0|    44|          32|          32|
    |tmp_65_fu_1546_p2        |    xor   |      0|  0|    44|          32|          32|
    |tmp_78_fu_732_p2         |    xor   |      0|  0|    11|          10|           9|
    |tmp_95_fu_853_p2         |    xor   |      0|  0|    11|          10|           9|
    +-------------------------+----------+-------+---+------+------------+------------+
    |Total                    |          |      0|  0| 20006|        5581|        9695|
    +-------------------------+----------+-------+---+------+------------+------------+

    * Multiplexer: 
    +-----------------+----+-----------+-----+-----------+
    |       Name      | LUT| Input Size| Bits| Total Bits|
    +-----------------+----+-----------+-----+-----------+
    |B1_reg_287       |  32|          2|   32|         64|
    |B_1_reg_353      |  32|          2|   32|         64|
    |B_2_reg_422      |  32|          2|   32|         64|
    |B_3_reg_491      |  32|          2|   32|         64|
    |B_4_reg_297      |  32|          2|   32|         64|
    |B_5_reg_364      |  32|          2|   32|         64|
    |B_6_reg_433      |  32|          2|   32|         64|
    |B_7_reg_501      |  32|          2|   32|         64|
    |D_1_reg_276      |  32|          2|   32|         64|
    |D_2_reg_341      |  32|          2|   32|         64|
    |D_3_reg_410      |  32|          2|   32|         64|
    |D_4_reg_479      |  32|          2|   32|         64|
    |E1_reg_319       |  32|          2|   32|         64|
    |E_1_reg_387      |  32|          2|   32|         64|
    |E_2_reg_456      |  32|          2|   32|         64|
    |E_3_reg_524      |  32|          2|   32|         64|
    |E_4_reg_266      |  32|          2|   32|         64|
    |E_5_reg_330      |  32|          2|   32|         64|
    |E_6_reg_399      |  32|          2|   32|         64|
    |E_7_reg_468      |  32|          2|   32|         64|
    |W_address0       |   7|          6|    7|         42|
    |W_address1       |   7|          6|    7|         42|
    |ap_NS_fsm        |   6|         15|    1|         15|
    |t_0_i_i_reg_242  |   5|          2|    5|         10|
    |t_1_reg_254      |   7|          2|    7|         14|
    |t_2_reg_308      |   5|          2|    5|         10|
    |t_3_reg_376      |   6|          2|    6|         12|
    |t_4_reg_445      |   6|          2|    6|         12|
    |t_5_reg_513      |   7|          2|    7|         14|
    +-----------------+----+-----------+-----+-----------+
    |Total            | 696|         79|  691|       1451|
    +-----------------+----+-----------+-----+-----------+

    * Register: 
    +-----------------------+-----+----+-----+-----------+
    |          Name         |  FF | LUT| Bits| Const Bits|
    +-----------------------+-----+----+-----+-----------+
    |A_reg_1716             |   32|   0|   32|          0|
    |B1_reg_287             |   32|   0|   32|          0|
    |B_1_reg_353            |   32|   0|   32|          0|
    |B_2_reg_422            |   32|   0|   32|          0|
    |B_3_reg_491            |   32|   0|   32|          0|
    |B_4_reg_297            |   32|   0|   32|          0|
    |B_5_reg_364            |   32|   0|   32|          0|
    |B_6_reg_433            |   32|   0|   32|          0|
    |B_7_reg_501            |   32|   0|   32|          0|
    |B_reg_1722             |   32|   0|   32|          0|
    |C_4_reg_1858           |   32|   0|   32|          0|
    |C_reg_1728             |   32|   0|   32|          0|
    |D_1_reg_276            |   32|   0|   32|          0|
    |D_2_reg_341            |   32|   0|   32|          0|
    |D_3_reg_410            |   32|   0|   32|          0|
    |D_4_reg_479            |   32|   0|   32|          0|
    |D_reg_1734             |   32|   0|   32|          0|
    |E1_reg_319             |   32|   0|   32|          0|
    |E_1_reg_387            |   32|   0|   32|          0|
    |E_2_reg_456            |   32|   0|   32|          0|
    |E_3_reg_524            |   32|   0|   32|          0|
    |E_4_reg_266            |   32|   0|   32|          0|
    |E_5_reg_330            |   32|   0|   32|          0|
    |E_6_reg_399            |   32|   0|   32|          0|
    |E_7_reg_468            |   32|   0|   32|          0|
    |E_reg_1740             |   32|   0|   32|          0|
    |W_load_1_reg_1751      |   32|   0|   32|          0|
    |W_load_reg_1746        |   32|   0|   32|          0|
    |ap_CS_fsm              |   14|   0|   14|          0|
    |ap_done_reg            |    1|   0|    1|          0|
    |context_read_reg_1660  |  688|   0|  688|          0|
    |t_0_i_i_reg_242        |    5|   0|    5|          0|
    |t_10_reg_1863          |    7|   0|    7|          0|
    |t_1_reg_254            |    7|   0|    7|          0|
    |t_2_reg_308            |    5|   0|    5|          0|
    |t_3_reg_376            |    6|   0|    6|          0|
    |t_4_reg_445            |    6|   0|    6|          0|
    |t_5_reg_513            |    7|   0|    7|          0|
    |t_7_reg_1774           |    5|   0|    5|          0|
    |t_8_reg_1802           |    6|   0|    6|          0|
    |t_9_reg_1825           |    6|   0|    6|          0|
    |t_reg_1678             |    5|   0|    5|          0|
    |tmp15_reg_1853         |   32|   0|   32|          0|
    |tmp_106_reg_1693       |    8|   0|    8|          0|
    |tmp_123_reg_1698       |    8|   0|    8|          0|
    |tmp_65_reg_1843        |   32|   0|   32|          0|
    |tmp_72_reg_1683        |    8|   0|    8|          0|
    |tmp_89_reg_1688        |    8|   0|    8|          0|
    +-----------------------+-----+----+-----+-----------+
    |Total                  | 1760|   0| 1760|          0|
    +-----------------------+-----+----+-----+-----------+



================================================================
== Interface
================================================================
* Summary: 
+------------------+-----+-----+------------+-----------------------------------------------+--------------+
|     RTL Ports    | Dir | Bits|  Protocol  |                 Source Object                 |    C Type    |
+------------------+-----+-----+------------+-----------------------------------------------+--------------+
|ap_clk            |  in |    1| ap_ctrl_hs | SHA1ProcessMessageBlock_Block_codeRepl62_proc | return value |
|ap_rst            |  in |    1| ap_ctrl_hs | SHA1ProcessMessageBlock_Block_codeRepl62_proc | return value |
|ap_start          |  in |    1| ap_ctrl_hs | SHA1ProcessMessageBlock_Block_codeRepl62_proc | return value |
|ap_done           | out |    1| ap_ctrl_hs | SHA1ProcessMessageBlock_Block_codeRepl62_proc | return value |
|ap_continue       |  in |    1| ap_ctrl_hs | SHA1ProcessMessageBlock_Block_codeRepl62_proc | return value |
|ap_idle           | out |    1| ap_ctrl_hs | SHA1ProcessMessageBlock_Block_codeRepl62_proc | return value |
|ap_ready          | out |    1| ap_ctrl_hs | SHA1ProcessMessageBlock_Block_codeRepl62_proc | return value |
|context_i         |  in |  688|   ap_ovld  |                    context                    |    pointer   |
|context_o         | out |  688|   ap_ovld  |                    context                    |    pointer   |
|context_o_ap_vld  | out |    1|   ap_ovld  |                    context                    |    pointer   |
+------------------+-----+-----+------------+-----------------------------------------------+--------------+

